// Jest Snapshot v1, https://goo.gl/fbAQLP

exports[`Mapping Wizard integration test should mount the MappingWizard with mapStateToProps reduced 1`] = `
Object {
  "hideMappingWizard": false,
  "hideMappingWizardAction": [Function],
  "mappingWizardClustersStep": Object {},
  "mappingWizardDatastoresStep": Object {},
  "mappingWizardExitedAction": [Function],
  "mappingWizardGeneralStep": Object {},
  "mappingWizardNetworksStep": Object {},
  "setTransformationsBodyAction": [Function],
}
`;
