// Jest Snapshot v1, https://goo.gl/fbAQLP

exports[`Mapping Wizard integration test should mount the MappingWizard with mapStateToProps reduced 1`] = `
Object {
  "alertText": null,
  "alertType": null,
  "forms": Object {
    "mappingWizardClustersStep": undefined,
    "mappingWizardDatastoresStep": undefined,
    "mappingWizardGeneralStep": Object {
      "registeredFields": Object {
        "description": Object {
          "count": 1,
          "name": "description",
          "type": "Field",
        },
        "name": Object {
          "count": 1,
          "name": "name",
          "type": "Field",
        },
      },
      "syncErrors": Object {
        "name": "Required",
      },
    },
    "mappingWizardNetworksStep": undefined,
  },
  "hideAlertAction": [Function],
  "hideMappingWizard": false,
  "hideMappingWizardAction": [Function],
  "hideWarningModalAction": [Function],
  "mappingWizardExitedAction": [Function],
  "setTransformationsBodyAction": [Function],
  "showAlertAction": [Function],
  "showWarningModalAction": [Function],
  "sourceClustersWithoutMappings": Array [],
  "transformationsBody": Object {},
  "warningModalVisible": false,
}
`;
