// Jest Snapshot v1, https://goo.gl/fbAQLP

exports[`Mapping Wizard integration test should mount the MappingWizard with mapStateToProps reduced 1`] = `
Object {
  "hideAlertAction": [Function],
  "hideMappingWizard": false,
  "hideMappingWizardAction": [Function],
  "hideWarningModalAction": [Function],
  "mappingWizardClustersStep": undefined,
  "mappingWizardDatastoresStep": undefined,
  "mappingWizardExitedAction": [Function],
  "mappingWizardGeneralStep": undefined,
  "mappingWizardNetworksStep": undefined,
  "setTransformationsBodyAction": [Function],
  "showAlertAction": [Function],
  "showWarningModalAction": [Function],
}
`;
