// Jest Snapshot v1, https://goo.gl/fbAQLP

exports[`MappingWizard component renders the mapping wizard 1`] = `
<StatefulWizardPattern
  backText="Back"
  bodyHeader={null}
  cancelText="Cancel"
  closeText="Close"
  loading={false}
  loadingMessage="Loading..."
  loadingTitle="Loading Wizard..."
  nextButtonRef={[Function]}
  nextStepDisabled={false}
  nextText="Next"
  onBack={[Function]}
  onExited={[MockFunction]}
  onHide={[Function]}
  onNext={[Function]}
  onStepChanged={[Function]}
  shouldDisableNextStep={[Function]}
  shouldPreventStepChange={[Function]}
  show={true}
  stepButtonsDisabled={true}
  steps={
    Array [
      Object {
        "isInvalid": false,
        "onNext": [Function],
        "render": [Function],
        "title": "General",
      },
      Object {
        "isInvalid": false,
        "render": [Function],
        "title": "Clusters",
      },
      Object {
        "isInvalid": false,
        "onNext": [Function],
        "render": [Function],
        "title": "Datastores",
      },
      Object {
        "isInvalid": false,
        "onNext": [Function],
        "render": [Function],
        "title": "Networks",
      },
      Object {
        "isInvalid": undefined,
        "preventExit": true,
        "render": [Function],
        "title": "Results",
      },
    ]
  }
  title="Infrastructure Mapping Wizard"
>
  <ConfirmModal
    backdropClassName="inner-modal-backdrop"
    body={
      <UNDEFINED>
        <h3>
          The following source clusters have no mapped networks:
        </h3>
        <ul />
      </UNDEFINED>
    }
    cancelButtonLabel="Cancel"
    className="inner-modal-dialog"
    confirmButtonLabel="Close"
    icon={
      <Icon
        className="confirm-warning-icon"
        name="warning-triangle-o"
        type="pf"
      />
    }
    onCancel={[Function]}
    onConfirm={[Function]}
    show={false}
    title="Unmappped Networks"
  />
</StatefulWizardPattern>
`;
