// Jest Snapshot v1, https://goo.gl/fbAQLP

exports[`ConversionHostWizardLocationStep integration test should mount ConversionHostWizardLocationStep with mapStateToProps reduced 1`] = `
Object {
  "conversionHostRetryModalExitedAction": [Function],
  "conversionHostTaskToRetry": Object {
    "context_data": Object {
      "request_params": Object {
        "mock": "params",
        "vmware_vddk_package_url": "mock vddk path",
      },
    },
  },
  "destroyOnUnmount": true,
  "enableReinitialize": false,
  "forceUnregisterOnUnmount": false,
  "form": "retryConversionHost",
  "getFormState": [Function],
  "hideConversionHostRetryModalAction": [Function],
  "initialValues": Object {
    "conversionHostSshKey": Object {
      "body": "",
      "filename": "",
    },
    "vmwareSshKey": Object {
      "body": "",
      "filename": "",
    },
  },
  "isPostingConversionHosts": false,
  "keepDirtyOnReinitialize": false,
  "persistentSubmitErrors": false,
  "postConversionHostsAction": [Function],
  "pure": true,
  "retryForm": Object {
    "initial": Object {
      "conversionHostSshKey": Object {
        "body": "",
        "filename": "",
      },
      "vmwareSshKey": Object {
        "body": "",
        "filename": "",
      },
    },
    "values": Object {
      "conversionHostSshKey": Object {
        "body": "",
        "filename": "",
      },
      "vmwareSshKey": Object {
        "body": "",
        "filename": "",
      },
    },
  },
  "shouldAsyncValidate": [Function],
  "shouldError": [Function],
  "shouldValidate": [Function],
  "shouldWarn": [Function],
  "show": false,
  "submitAsSideEffect": false,
  "touchOnBlur": true,
  "touchOnChange": false,
  "updateUnregisteredFields": false,
}
`;
