// Jest Snapshot v1, https://goo.gl/fbAQLP

exports[`Settings component renders correctly 1`] = `
<div
  className="main-scroll-container"
>
  <MigrationBreadcrumbBar
    activeHref="#/settings"
  />
  <div
    style={
      Object {
        "marginTop": 10,
      }
    }
  >
    <Uncontrolled(Tabs)
      activeKey="/settings"
      id="settings-tabs"
      onSelect={[Function]}
      unmountOnExit={true}
    >
      <Tab
        eventKey="/settings"
        title="Migration Throttling"
      >
        <Connect(ReduxForm) />
      </Tab>
      <Tab
        eventKey="/settings/conversion_hosts"
        title="Conversion Hosts"
      >
        <Connect(ConversionHostsSettings) />
      </Tab>
    </Uncontrolled(Tabs)>
  </div>
</div>
`;
