// Jest Snapshot v1, https://goo.gl/fbAQLP

exports[`Overview component renders the overview 1`] = `
<React.Fragment>
  <div
    className="row cards-pf"
    style={
      Object {
        "height": "100%",
        "overflow": "auto",
        "paddingBottom": 100,
      }
    }
  >
    <Col
      bsClass="col"
      componentClass="div"
      md={12}
    >
      <Row
        bsClass="row"
        componentClass="div"
      >
        <div
          className="spacer"
        />
        <Equalizer
          byRow={true}
          enabled={[Function]}
          nodes={[Function]}
          property="height"
        >
          <Col
            bsClass="col"
            componentClass="div"
            md={6}
            xs={12}
          >
            <div
              className="card-pf"
            >
              <div
                className="card-pf-body"
              >
                <div
                  className="blank-slate-pf"
                >
                  <EmptyStateIcon
                    name="add-circle-o"
                    type="pf"
                  />
                  <EmptyStateTitle>
                    Infrastructure Mappings
                  </EmptyStateTitle>
                  <EmptyStateInfo>
                    Create mapping to later be used by a migration plan.
                  </EmptyStateInfo>
                  <EmptyStateAction>
                    <Button
                      bsSize="large"
                      bsStyle="primary"
                      onClick={[MockFunction]}
                    >
                      Create Infrastructure Mapping
                    </Button>
                  </EmptyStateAction>
                </div>
              </div>
            </div>
          </Col>
          <Col
            bsClass="col"
            componentClass="div"
            md={6}
            xs={12}
          >
            <div
              className="card-pf"
            >
              <div
                className="card-pf-body"
              >
                <div
                  className="blank-slate-pf"
                >
                  <EmptyStateIcon
                    name="add-circle-o"
                    type="pf"
                  />
                  <EmptyStateTitle>
                    Migration Plans
                  </EmptyStateTitle>
                  <EmptyStateInfo>
                    Create a migration plan to start migrating.
                  </EmptyStateInfo>
                  <EmptyStateAction>
                    <Button
                      bsSize="large"
                      bsStyle="primary"
                      onClick={[MockFunction]}
                    >
                      Create Migration Plan
                    </Button>
                  </EmptyStateAction>
                </div>
              </div>
            </div>
          </Col>
        </Equalizer>
      </Row>
      <Row
        bsClass="row"
        componentClass="div"
      >
        <Col
          bsClass="col"
          componentClass="div"
          xs={12}
        >
          <div
            className="card-pf"
          >
            <div
              className="card-pf-heading"
            >
              <h2>
                0 Migrations in Progress
              </h2>
            </div>
            <div
              className="card-pf-body"
            >
              <p>
                content
              </p>
            </div>
          </div>
        </Col>
      </Row>
      <Row
        bsClass="row"
        componentClass="div"
      >
        <Col
          bsClass="col"
          componentClass="div"
          xs={12}
        >
          <div
            className="card-pf"
          >
            <div
              className="card-pf-heading"
            >
              <h2>
                0 Completed Migrations
              </h2>
            </div>
            <div
              className="card-pf-body"
            >
              <p>
                content
              </p>
            </div>
          </div>
          <div
            className="spacer"
          />
        </Col>
      </Row>
    </Col>
  </div>
</React.Fragment>
`;
