// Jest Snapshot v1, https://goo.gl/fbAQLP

exports[`Overview component renders the overview 1`] = `
<Overview>
  <div
    className="row cards-pf"
    style={
      Object {
        "height": "100%",
        "overflow": "auto",
        "paddingBottom": 100,
      }
    }
  >
    <Col
      bsClass="col"
      componentClass="div"
      md={12}
    >
      <div
        className="col-md-12"
      >
        <Row
          bsClass="row"
          componentClass="div"
        >
          <div
            className="row"
          >
            <Equalizer
              byRow={true}
              enabled={[Function]}
              nodes={[Function]}
              property="height"
            >
              <div
                onLoad={[Function]}
              >
                <Col
                  bsClass="col"
                  componentClass="div"
                  xs={6}
                >
                  <div
                    className="col-xs-6"
                  >
                    <div
                      className="spacer"
                    />
                    <div
                      className="card-pf"
                    >
                      <div
                        className="card-pf-body"
                      >
                        <div
                          className="blank-slate-pf"
                        >
                          <EmptyStateIcon
                            name="add-circle-o"
                            type="pf"
                          >
                            <div
                              className="blank-slate-pf-icon"
                            >
                              <Icon
                                name="add-circle-o"
                                type="pf"
                              >
                                <PatternflyIcon
                                  name="add-circle-o"
                                >
                                  <span
                                    aria-hidden="true"
                                    className="pficon pficon-add-circle-o"
                                  />
                                </PatternflyIcon>
                              </Icon>
                            </div>
                          </EmptyStateIcon>
                          <EmptyStateTitle>
                            <h4
                              className="h1 blank-slate-pf-title"
                            >
                              Infrastructure Mappings
                            </h4>
                          </EmptyStateTitle>
                          <EmptyStateInfo>
                            <p
                              className="blank-slate-pf-info"
                            >
                              Create mapping to later be used by a migration plan.
                            </p>
                          </EmptyStateInfo>
                          <EmptyStateAction>
                            <div
                              className="blank-slate-pf-main-action"
                            >
                              <Button
                                bsSize="large"
                                bsStyle="primary"
                                onClick={[Function]}
                              >
                                <Button
                                  active={false}
                                  block={false}
                                  bsClass="btn"
                                  bsSize="large"
                                  bsStyle="primary"
                                  disabled={false}
                                  onClick={[Function]}
                                >
                                  <button
                                    className="btn btn-lg btn-primary"
                                    disabled={false}
                                    onClick={[Function]}
                                    type="button"
                                  >
                                    Create Infrastructure Mapping
                                  </button>
                                </Button>
                              </Button>
                            </div>
                          </EmptyStateAction>
                        </div>
                      </div>
                    </div>
                  </div>
                </Col>
                <Col
                  bsClass="col"
                  componentClass="div"
                  xs={6}
                >
                  <div
                    className="col-xs-6"
                  >
                    <div
                      className="spacer"
                    />
                    <div
                      className="card-pf"
                    >
                      <div
                        className="card-pf-body"
                      >
                        <div
                          className="blank-slate-pf"
                        >
                          <EmptyStateIcon
                            name="add-circle-o"
                            type="pf"
                          >
                            <div
                              className="blank-slate-pf-icon"
                            >
                              <Icon
                                name="add-circle-o"
                                type="pf"
                              >
                                <PatternflyIcon
                                  name="add-circle-o"
                                >
                                  <span
                                    aria-hidden="true"
                                    className="pficon pficon-add-circle-o"
                                  />
                                </PatternflyIcon>
                              </Icon>
                            </div>
                          </EmptyStateIcon>
                          <EmptyStateTitle>
                            <h4
                              className="h1 blank-slate-pf-title"
                            >
                              Migration Plans
                            </h4>
                          </EmptyStateTitle>
                          <EmptyStateInfo>
                            <p
                              className="blank-slate-pf-info"
                            >
                              Create a migration plan to start migrating.
                            </p>
                          </EmptyStateInfo>
                          <EmptyStateAction>
                            <div
                              className="blank-slate-pf-main-action"
                            >
                              <Button
                                bsSize="large"
                                bsStyle="primary"
                                onClick={[Function]}
                              >
                                <Button
                                  active={false}
                                  block={false}
                                  bsClass="btn"
                                  bsSize="large"
                                  bsStyle="primary"
                                  disabled={false}
                                  onClick={[Function]}
                                >
                                  <button
                                    className="btn btn-lg btn-primary"
                                    disabled={false}
                                    onClick={[Function]}
                                    type="button"
                                  >
                                    Create Migration Plan
                                  </button>
                                </Button>
                              </Button>
                            </div>
                          </EmptyStateAction>
                        </div>
                      </div>
                    </div>
                  </div>
                </Col>
              </div>
            </Equalizer>
          </div>
        </Row>
        <Row
          bsClass="row"
          componentClass="div"
        >
          <div
            className="row"
          >
            <Col
              bsClass="col"
              componentClass="div"
              xs={12}
            >
              <div
                className="col-xs-12"
              >
                <div
                  className="card-pf"
                >
                  <div
                    className="card-pf-heading"
                  >
                    <h2>
                      0 Migrations in Progress
                    </h2>
                  </div>
                  <div
                    className="card-pf-body"
                  >
                    <p>
                      content
                    </p>
                  </div>
                </div>
              </div>
            </Col>
          </div>
        </Row>
        <Row
          bsClass="row"
          componentClass="div"
        >
          <div
            className="row"
          >
            <Col
              bsClass="col"
              componentClass="div"
              xs={12}
            >
              <div
                className="col-xs-12"
              >
                <div
                  className="card-pf"
                >
                  <div
                    className="card-pf-heading"
                  >
                    <h2>
                      0 Completed Migrations
                    </h2>
                  </div>
                  <div
                    className="card-pf-body"
                  >
                    <p>
                      content
                    </p>
                  </div>
                </div>
                <div
                  className="spacer"
                />
              </div>
            </Col>
          </div>
        </Row>
      </div>
    </Col>
  </div>
</Overview>
`;
