// Jest Snapshot v1, https://goo.gl/fbAQLP

exports[`MigrationsCompletedCard component renders the MigrationsCompletedCard 1`] = `
<div
  className="card-pf"
>
  <div
    className="card-pf-heading"
  >
    <h2>
      %s Completed Migrations
    </h2>
  </div>
  <div
    className="card-pf-body"
  >
    <div
      className="list-group list-view-pf list-view-pf-view completed-migrations-list"
    >
      <MigrationCompletedRow
        key="14"
        migration={
          Object {
            "description": "Provisioning Service [debug1] from [debug1]",
            "href": "http://localhost:3000/api/service_requests/14",
            "id": "14",
            "miq_request_tasks": Array [
              Object {
                "created_on": "2018-01-19T21:16:01Z",
                "description": "Provisioning [vmmigrate] for Service [vmmigrate]",
                "destination_id": null,
                "destination_type": null,
                "href": "http://localhost:3000/api/request_tasks/19",
                "id": "19",
                "message": "Service_Template_Provisioning completed",
                "miq_request_id": "14",
                "miq_request_task_id": "18",
                "options": Object {
                  "cart_state": "ordered",
                  "delivered_on": "2018-01-30T21:12:34.808Z",
                  "progress": Object {
                    "current_description": "Initiate Disks Sysprep",
                    "current_state": "/State5/State3",
                    "percent": 61.362500000000026,
                    "states": Object {},
                  },
                  "src_id": "6",
                },
                "phase": null,
                "phase_context": Object {},
                "request_type": "clone_to_service",
                "source_id": "6",
                "source_type": "VmOrTemplate",
                "state": "finished",
                "status": "Ok",
                "tenant_id": "1",
                "type": "ServiceTemplateTransformationPlanTask",
                "updated_on": "2018-01-19T21:44:27Z",
                "userid": "admin",
              },
              Object {
                "created_on": "2018-01-19T21:16:01Z",
                "description": "Provisioning [vmmigrate] for Service [vmmigrate]",
                "destination_id": null,
                "destination_type": null,
                "href": "http://localhost:3000/api/request_tasks/19",
                "id": "20",
                "message": "Service_Template_Provisioning completed",
                "miq_request_id": "14",
                "miq_request_task_id": "18",
                "options": Object {
                  "cart_state": "ordered",
                  "delivered_on": "2018-01-30T21:12:34.808Z",
                  "progress": Object {
                    "current_description": "Initiate Disks Sysprep",
                    "current_state": "/State5/State3",
                    "percent": 61.362500000000026,
                    "states": Object {},
                  },
                  "src_id": "6",
                },
                "phase": null,
                "phase_context": Object {},
                "request_type": "clone_to_service",
                "source_id": "6",
                "source_type": "VmOrTemplate",
                "state": "finished",
                "status": "Ok",
                "tenant_id": "1",
                "type": "ServiceTemplateTransformationPlanTask",
                "updated_on": "2018-01-19T21:44:27Z",
                "userid": "admin",
              },
              Object {
                "created_on": "2018-01-19T21:16:01Z",
                "description": "Provisioning [vmmigrate] for Service [vmmigrate]",
                "destination_id": null,
                "destination_type": null,
                "href": "http://localhost:3000/api/request_tasks/19",
                "id": "21",
                "message": "Service_Template_Provisioning completed",
                "miq_request_id": "14",
                "miq_request_task_id": "18",
                "options": Object {
                  "cart_state": "ordered",
                  "delivered_on": "2018-01-30T21:12:34.808Z",
                  "progress": Object {
                    "current_description": "Initiate Disks Sysprep",
                    "current_state": "/State5/State3",
                    "percent": 61.362500000000026,
                    "states": Object {},
                  },
                  "src_id": "6",
                },
                "phase": null,
                "phase_context": Object {},
                "request_type": "clone_to_service",
                "source_id": "6",
                "source_type": "VmOrTemplate",
                "state": "finished",
                "status": "Ok",
                "tenant_id": "1",
                "type": "ServiceTemplateTransformationPlanTask",
                "updated_on": "2018-01-19T21:44:27Z",
                "userid": "admin",
              },
              Object {
                "created_on": "2018-01-19T21:16:01Z",
                "description": "Provisioning [vmmigrate] for Service [vmmigrate]",
                "destination_id": null,
                "destination_type": null,
                "href": "http://localhost:3000/api/request_tasks/19",
                "id": "22",
                "message": "Service_Template_Provisioning completed",
                "miq_request_id": "14",
                "miq_request_task_id": "18",
                "options": Object {
                  "cart_state": "ordered",
                  "delivered_on": "2018-01-30T21:12:34.808Z",
                  "progress": Object {
                    "current_description": "Initiate Disks Sysprep",
                    "current_state": "/State5/State3",
                    "percent": 61.362500000000026,
                    "states": Object {},
                  },
                  "src_id": "6",
                },
                "phase": null,
                "phase_context": Object {},
                "request_type": "clone_to_service",
                "source_id": "6",
                "source_type": "VmOrTemplate",
                "state": "finished",
                "status": "Ok",
                "tenant_id": "1",
                "type": "ServiceTemplateTransformationPlanTask",
                "updated_on": "2018-01-19T21:44:27Z",
                "userid": "admin",
              },
              Object {
                "created_on": "2018-01-19T21:16:01Z",
                "description": "Provisioning [vmmigrate] for Service [vmmigrate]",
                "destination_id": null,
                "destination_type": null,
                "href": "http://localhost:3000/api/request_tasks/19",
                "id": "23",
                "message": "Service_Template_Provisioning completed",
                "miq_request_id": "14",
                "miq_request_task_id": "18",
                "options": Object {
                  "cart_state": "ordered",
                  "delivered_on": "2018-01-30T21:12:34.808Z",
                  "progress": Object {
                    "current_description": "Initiate Disks Sysprep",
                    "current_state": "/State5/State3",
                    "percent": 61.362500000000026,
                    "states": Object {},
                  },
                  "src_id": "6",
                },
                "phase": null,
                "phase_context": Object {},
                "request_type": "clone_to_service",
                "source_id": "6",
                "source_type": "VmOrTemplate",
                "state": "finished",
                "status": "Ok",
                "tenant_id": "1",
                "type": "ServiceTemplateTransformationPlanTask",
                "updated_on": "2018-01-19T21:44:27Z",
                "userid": "admin",
              },
            ],
            "options": Object {
              "cart_state": "ordered",
              "delivered_on": "2018-01-19T21:16:00.967Z",
              "initiator": null,
              "requester_group": "EvmGroup-super_administrator",
              "src_id": "4",
              "user_message": "[EVM] Service [vmmigrate] Provisioned Successfully",
            },
            "state": "finished",
            "status": "Ok",
          }
        }
      />
      <MigrationCompletedRow
        key="16"
        migration={
          Object {
            "description": "Another Migration Plan",
            "href": "http://localhost:3000/api/service_requests/16",
            "id": "16",
            "miq_request_tasks": Array [
              Object {
                "created_on": "2018-01-19T21:16:01Z",
                "description": "Provisioning [vmmigrate] for Service [vmmigrate]",
                "destination_id": null,
                "destination_type": null,
                "href": "http://localhost:3000/api/request_tasks/19",
                "id": "24",
                "message": "Service_Template_Provisioning failed",
                "miq_request_id": "14",
                "miq_request_task_id": "18",
                "options": Object {
                  "cart_state": "ordered",
                  "delivered_on": "2018-01-30T21:12:34.808Z",
                  "progress": Object {
                    "current_description": "Initiate Disks Sysprep",
                    "current_state": "/State5/State3",
                    "percent": 61.362500000000026,
                    "states": Object {},
                  },
                  "src_id": "6",
                },
                "phase": null,
                "phase_context": Object {},
                "request_type": "clone_to_service",
                "source_id": "6",
                "source_type": "VmOrTemplate",
                "state": "finished",
                "status": "Error",
                "tenant_id": "1",
                "type": "ServiceTemplateTransformationPlanTask",
                "updated_on": "2018-01-19T21:44:27Z",
                "userid": "admin",
              },
              Object {
                "created_on": "2018-01-19T21:16:01Z",
                "description": "Provisioning [vmmigrate] for Service [vmmigrate]",
                "destination_id": null,
                "destination_type": null,
                "href": "http://localhost:3000/api/request_tasks/19",
                "id": "25",
                "message": "Service_Template_Provisioning failed",
                "miq_request_id": "14",
                "miq_request_task_id": "18",
                "options": Object {
                  "cart_state": "ordered",
                  "delivered_on": "2018-01-30T21:12:34.808Z",
                  "progress": Object {
                    "current_description": "Initiate Disks Sysprep",
                    "current_state": "/State5/State3",
                    "percent": 61.362500000000026,
                    "states": Object {},
                  },
                  "src_id": "6",
                },
                "phase": null,
                "phase_context": Object {},
                "request_type": "clone_to_service",
                "source_id": "6",
                "source_type": "VmOrTemplate",
                "state": "finished",
                "status": "Error",
                "tenant_id": "1",
                "type": "ServiceTemplateTransformationPlanTask",
                "updated_on": "2018-01-19T21:44:27Z",
                "userid": "admin",
              },
              Object {
                "created_on": "2018-01-19T21:16:01Z",
                "description": "Provisioning [vmmigrate] for Service [vmmigrate]",
                "destination_id": null,
                "destination_type": null,
                "href": "http://localhost:3000/api/request_tasks/19",
                "id": "26",
                "message": "Service_Template_Provisioning failed",
                "miq_request_id": "14",
                "miq_request_task_id": "18",
                "options": Object {
                  "cart_state": "ordered",
                  "delivered_on": "2018-01-30T21:12:34.808Z",
                  "progress": Object {
                    "current_description": "Initiate Disks Sysprep",
                    "current_state": "/State5/State3",
                    "percent": 61.362500000000026,
                    "states": Object {},
                  },
                  "src_id": "6",
                },
                "phase": null,
                "phase_context": Object {},
                "request_type": "clone_to_service",
                "source_id": "6",
                "source_type": "VmOrTemplate",
                "state": "finished",
                "status": "Error",
                "tenant_id": "1",
                "type": "ServiceTemplateTransformationPlanTask",
                "updated_on": "2018-01-19T21:44:27Z",
                "userid": "admin",
              },
            ],
            "options": Object {
              "cart_state": "ordered",
              "delivered_on": "2018-01-19T21:16:00.967Z",
              "initiator": null,
              "requester_group": "EvmGroup-super_administrator",
              "src_id": "4",
              "user_message": "[EVM] Service [vmmigrate] Provisioned Successfully",
            },
            "state": "finished",
            "status": "Ok",
          }
        }
      />
      <MigrationCompletedRow
        key="17"
        migration={
          Object {
            "description": "Provision Old VMs to New VMs",
            "href": "http://localhost:3000/api/service_requests/17",
            "id": "17",
            "miq_request_tasks": Array [
              Object {
                "created_on": "2018-01-19T21:16:01Z",
                "description": "Provisioning [vmmigrate] for Service [vmmigrate]",
                "destination_id": null,
                "destination_type": null,
                "href": "http://localhost:3000/api/request_tasks/19",
                "id": "27",
                "message": "Service_Template_Provisioning failed",
                "miq_request_id": "14",
                "miq_request_task_id": "18",
                "options": Object {
                  "cart_state": "ordered",
                  "delivered_on": "2018-01-30T21:12:34.808Z",
                  "progress": Object {
                    "current_description": "Initiate Disks Sysprep",
                    "current_state": "/State5/State3",
                    "percent": 61.362500000000026,
                    "states": Object {},
                  },
                  "src_id": "6",
                },
                "phase": null,
                "phase_context": Object {},
                "request_type": "clone_to_service",
                "source_id": "6",
                "source_type": "VmOrTemplate",
                "state": "finished",
                "status": "Error",
                "tenant_id": "1",
                "type": "ServiceTemplateTransformationPlanTask",
                "updated_on": "2018-01-19T21:44:27Z",
                "userid": "admin",
              },
              Object {
                "created_on": "2018-01-19T21:16:01Z",
                "description": "Provisioning [vmmigrate] for Service [vmmigrate]",
                "destination_id": null,
                "destination_type": null,
                "href": "http://localhost:3000/api/request_tasks/19",
                "id": "28",
                "message": "Service_Template_Provisioning failed",
                "miq_request_id": "14",
                "miq_request_task_id": "18",
                "options": Object {
                  "cart_state": "ordered",
                  "delivered_on": "2018-01-30T21:12:34.808Z",
                  "progress": Object {
                    "current_description": "Initiate Disks Sysprep",
                    "current_state": "/State5/State3",
                    "percent": 61.362500000000026,
                    "states": Object {},
                  },
                  "src_id": "6",
                },
                "phase": null,
                "phase_context": Object {},
                "request_type": "clone_to_service",
                "source_id": "6",
                "source_type": "VmOrTemplate",
                "state": "finished",
                "status": "Error",
                "tenant_id": "1",
                "type": "ServiceTemplateTransformationPlanTask",
                "updated_on": "2018-01-19T21:44:27Z",
                "userid": "admin",
              },
              Object {
                "created_on": "2018-01-19T21:16:01Z",
                "description": "Provisioning [vmmigrate] for Service [vmmigrate]",
                "destination_id": null,
                "destination_type": null,
                "href": "http://localhost:3000/api/request_tasks/19",
                "id": "29",
                "message": "Service_Template_Provisioning completed",
                "miq_request_id": "14",
                "miq_request_task_id": "18",
                "options": Object {
                  "cart_state": "ordered",
                  "delivered_on": "2018-01-30T21:12:34.808Z",
                  "progress": Object {
                    "current_description": "Initiate Disks Sysprep",
                    "current_state": "/State5/State3",
                    "percent": 61.362500000000026,
                    "states": Object {},
                  },
                  "src_id": "6",
                },
                "phase": null,
                "phase_context": Object {},
                "request_type": "clone_to_service",
                "source_id": "6",
                "source_type": "VmOrTemplate",
                "state": "finished",
                "status": "Ok",
                "tenant_id": "1",
                "type": "ServiceTemplateTransformationPlanTask",
                "updated_on": "2018-01-19T21:44:27Z",
                "userid": "admin",
              },
              Object {
                "created_on": "2018-01-19T21:16:01Z",
                "description": "Provisioning [vmmigrate] for Service [vmmigrate]",
                "destination_id": null,
                "destination_type": null,
                "href": "http://localhost:3000/api/request_tasks/19",
                "id": "30",
                "message": "Service_Template_Provisioning completed",
                "miq_request_id": "14",
                "miq_request_task_id": "18",
                "options": Object {
                  "cart_state": "ordered",
                  "delivered_on": "2018-01-30T21:12:34.808Z",
                  "progress": Object {
                    "current_description": "Initiate Disks Sysprep",
                    "current_state": "/State5/State3",
                    "percent": 61.362500000000026,
                    "states": Object {},
                  },
                  "src_id": "6",
                },
                "phase": null,
                "phase_context": Object {},
                "request_type": "clone_to_service",
                "source_id": "6",
                "source_type": "VmOrTemplate",
                "state": "finished",
                "status": "Ok",
                "tenant_id": "1",
                "type": "ServiceTemplateTransformationPlanTask",
                "updated_on": "2018-01-19T21:44:27Z",
                "userid": "admin",
              },
              Object {
                "created_on": "2018-01-19T21:16:01Z",
                "description": "Provisioning [vmmigrate] for Service [vmmigrate]",
                "destination_id": null,
                "destination_type": null,
                "href": "http://localhost:3000/api/request_tasks/19",
                "id": "31",
                "message": "Service_Template_Provisioning completed",
                "miq_request_id": "14",
                "miq_request_task_id": "18",
                "options": Object {
                  "cart_state": "ordered",
                  "delivered_on": "2018-01-30T21:12:34.808Z",
                  "progress": Object {
                    "current_description": "Initiate Disks Sysprep",
                    "current_state": "/State5/State3",
                    "percent": 61.362500000000026,
                    "states": Object {},
                  },
                  "src_id": "6",
                },
                "phase": null,
                "phase_context": Object {},
                "request_type": "clone_to_service",
                "source_id": "6",
                "source_type": "VmOrTemplate",
                "state": "finished",
                "status": "Ok",
                "tenant_id": "1",
                "type": "ServiceTemplateTransformationPlanTask",
                "updated_on": "2018-01-19T21:44:27Z",
                "userid": "admin",
              },
            ],
            "options": Object {
              "cart_state": "ordered",
              "delivered_on": "2018-01-19T21:16:00.967Z",
              "initiator": null,
              "requester_group": "EvmGroup-super_administrator",
              "src_id": "4",
              "user_message": "[EVM] Service [vmmigrate] Provisioned Successfully",
            },
            "state": "finished",
            "status": "Ok",
          }
        }
      />
      <MigrationCompletedRow
        key="18"
        migration={
          Object {
            "description": "Update the lab",
            "href": "http://localhost:3000/api/service_requests/18",
            "id": "18",
            "miq_request_tasks": Array [
              Object {
                "created_on": "2018-01-19T21:16:01Z",
                "description": "Provisioning [vmmigrate] for Service [vmmigrate]",
                "destination_id": null,
                "destination_type": null,
                "href": "http://localhost:3000/api/request_tasks/19",
                "id": "32",
                "message": "Service_Template_Provisioning completed",
                "miq_request_id": "14",
                "miq_request_task_id": "18",
                "options": Object {
                  "cart_state": "ordered",
                  "delivered_on": "2018-01-30T21:12:34.808Z",
                  "progress": Object {
                    "current_description": "Initiate Disks Sysprep",
                    "current_state": "/State5/State3",
                    "percent": 61.362500000000026,
                    "states": Object {},
                  },
                  "src_id": "6",
                },
                "phase": null,
                "phase_context": Object {},
                "request_type": "clone_to_service",
                "source_id": "6",
                "source_type": "VmOrTemplate",
                "state": "finished",
                "status": "Ok",
                "tenant_id": "1",
                "type": "ServiceTemplateTransformationPlanTask",
                "updated_on": "2018-01-19T21:44:27Z",
                "userid": "admin",
              },
              Object {
                "created_on": "2018-01-19T21:16:01Z",
                "description": "Provisioning [vmmigrate] for Service [vmmigrate]",
                "destination_id": null,
                "destination_type": null,
                "href": "http://localhost:3000/api/request_tasks/19",
                "id": "33",
                "message": "Service_Template_Provisioning completed",
                "miq_request_id": "14",
                "miq_request_task_id": "18",
                "options": Object {
                  "cart_state": "ordered",
                  "delivered_on": "2018-01-30T21:12:34.808Z",
                  "progress": Object {
                    "current_description": "Initiate Disks Sysprep",
                    "current_state": "/State5/State3",
                    "percent": 61.362500000000026,
                    "states": Object {},
                  },
                  "src_id": "6",
                },
                "phase": null,
                "phase_context": Object {},
                "request_type": "clone_to_service",
                "source_id": "6",
                "source_type": "VmOrTemplate",
                "state": "finished",
                "status": "Ok",
                "tenant_id": "1",
                "type": "ServiceTemplateTransformationPlanTask",
                "updated_on": "2018-01-19T21:44:27Z",
                "userid": "admin",
              },
              Object {
                "created_on": "2018-01-19T21:16:01Z",
                "description": "Provisioning [vmmigrate] for Service [vmmigrate]",
                "destination_id": null,
                "destination_type": null,
                "href": "http://localhost:3000/api/request_tasks/19",
                "id": "34",
                "message": "Service_Template_Provisioning completed",
                "miq_request_id": "14",
                "miq_request_task_id": "18",
                "options": Object {
                  "cart_state": "ordered",
                  "delivered_on": "2018-01-30T21:12:34.808Z",
                  "progress": Object {
                    "current_description": "Initiate Disks Sysprep",
                    "current_state": "/State5/State3",
                    "percent": 61.362500000000026,
                    "states": Object {},
                  },
                  "src_id": "6",
                },
                "phase": null,
                "phase_context": Object {},
                "request_type": "clone_to_service",
                "source_id": "6",
                "source_type": "VmOrTemplate",
                "state": "finished",
                "status": "Ok",
                "tenant_id": "1",
                "type": "ServiceTemplateTransformationPlanTask",
                "updated_on": "2018-01-19T21:44:27Z",
                "userid": "admin",
              },
              Object {
                "created_on": "2018-01-19T21:16:01Z",
                "description": "Provisioning [vmmigrate] for Service [vmmigrate]",
                "destination_id": null,
                "destination_type": null,
                "href": "http://localhost:3000/api/request_tasks/19",
                "id": "35",
                "message": "Service_Template_Provisioning completed",
                "miq_request_id": "14",
                "miq_request_task_id": "18",
                "options": Object {
                  "cart_state": "ordered",
                  "delivered_on": "2018-01-30T21:12:34.808Z",
                  "progress": Object {
                    "current_description": "Initiate Disks Sysprep",
                    "current_state": "/State5/State3",
                    "percent": 61.362500000000026,
                    "states": Object {},
                  },
                  "src_id": "6",
                },
                "phase": null,
                "phase_context": Object {},
                "request_type": "clone_to_service",
                "source_id": "6",
                "source_type": "VmOrTemplate",
                "state": "finished",
                "status": "Ok",
                "tenant_id": "1",
                "type": "ServiceTemplateTransformationPlanTask",
                "updated_on": "2018-01-19T21:44:27Z",
                "userid": "admin",
              },
              Object {
                "created_on": "2018-01-19T21:16:01Z",
                "description": "Provisioning [vmmigrate] for Service [vmmigrate]",
                "destination_id": null,
                "destination_type": null,
                "href": "http://localhost:3000/api/request_tasks/19",
                "id": "36",
                "message": "Service_Template_Provisioning completed",
                "miq_request_id": "14",
                "miq_request_task_id": "18",
                "options": Object {
                  "cart_state": "ordered",
                  "delivered_on": "2018-01-30T21:12:34.808Z",
                  "progress": Object {
                    "current_description": "Initiate Disks Sysprep",
                    "current_state": "/State5/State3",
                    "percent": 61.362500000000026,
                    "states": Object {},
                  },
                  "src_id": "6",
                },
                "phase": null,
                "phase_context": Object {},
                "request_type": "clone_to_service",
                "source_id": "6",
                "source_type": "VmOrTemplate",
                "state": "finished",
                "status": "Ok",
                "tenant_id": "1",
                "type": "ServiceTemplateTransformationPlanTask",
                "updated_on": "2018-01-19T21:44:27Z",
                "userid": "admin",
              },
              Object {
                "created_on": "2018-01-19T21:16:01Z",
                "description": "Provisioning [vmmigrate] for Service [vmmigrate]",
                "destination_id": null,
                "destination_type": null,
                "href": "http://localhost:3000/api/request_tasks/19",
                "id": "37",
                "message": "Service_Template_Provisioning completed",
                "miq_request_id": "14",
                "miq_request_task_id": "18",
                "options": Object {
                  "cart_state": "ordered",
                  "delivered_on": "2018-01-30T21:12:34.808Z",
                  "progress": Object {
                    "current_description": "Initiate Disks Sysprep",
                    "current_state": "/State5/State3",
                    "percent": 61.362500000000026,
                    "states": Object {},
                  },
                  "src_id": "6",
                },
                "phase": null,
                "phase_context": Object {},
                "request_type": "clone_to_service",
                "source_id": "6",
                "source_type": "VmOrTemplate",
                "state": "finished",
                "status": "Ok",
                "tenant_id": "1",
                "type": "ServiceTemplateTransformationPlanTask",
                "updated_on": "2018-01-19T21:44:27Z",
                "userid": "admin",
              },
              Object {
                "created_on": "2018-01-19T21:16:01Z",
                "description": "Provisioning [vmmigrate] for Service [vmmigrate]",
                "destination_id": null,
                "destination_type": null,
                "href": "http://localhost:3000/api/request_tasks/19",
                "id": "38",
                "message": "Service_Template_Provisioning completed",
                "miq_request_id": "14",
                "miq_request_task_id": "18",
                "options": Object {
                  "cart_state": "ordered",
                  "delivered_on": "2018-01-30T21:12:34.808Z",
                  "progress": Object {
                    "current_description": "Initiate Disks Sysprep",
                    "current_state": "/State5/State3",
                    "percent": 61.362500000000026,
                    "states": Object {},
                  },
                  "src_id": "6",
                },
                "phase": null,
                "phase_context": Object {},
                "request_type": "clone_to_service",
                "source_id": "6",
                "source_type": "VmOrTemplate",
                "state": "finished",
                "status": "Ok",
                "tenant_id": "1",
                "type": "ServiceTemplateTransformationPlanTask",
                "updated_on": "2018-01-19T21:44:27Z",
                "userid": "admin",
              },
              Object {
                "created_on": "2018-01-19T21:16:01Z",
                "description": "Provisioning [vmmigrate] for Service [vmmigrate]",
                "destination_id": null,
                "destination_type": null,
                "href": "http://localhost:3000/api/request_tasks/19",
                "id": "39",
                "message": "Service_Template_Provisioning completed",
                "miq_request_id": "14",
                "miq_request_task_id": "18",
                "options": Object {
                  "cart_state": "ordered",
                  "delivered_on": "2018-01-30T21:12:34.808Z",
                  "progress": Object {
                    "current_description": "Initiate Disks Sysprep",
                    "current_state": "/State5/State3",
                    "percent": 61.362500000000026,
                    "states": Object {},
                  },
                  "src_id": "6",
                },
                "phase": null,
                "phase_context": Object {},
                "request_type": "clone_to_service",
                "source_id": "6",
                "source_type": "VmOrTemplate",
                "state": "finished",
                "status": "Ok",
                "tenant_id": "1",
                "type": "ServiceTemplateTransformationPlanTask",
                "updated_on": "2018-01-19T21:44:27Z",
                "userid": "admin",
              },
              Object {
                "created_on": "2018-01-19T21:16:01Z",
                "description": "Provisioning [vmmigrate] for Service [vmmigrate]",
                "destination_id": null,
                "destination_type": null,
                "href": "http://localhost:3000/api/request_tasks/19",
                "id": "19",
                "message": "Service_Template_Provisioning completed",
                "miq_request_id": "14",
                "miq_request_task_id": "18",
                "options": Object {
                  "cart_state": "ordered",
                  "delivered_on": "2018-01-30T21:12:34.808Z",
                  "progress": Object {
                    "current_description": "Initiate Disks Sysprep",
                    "current_state": "/State5/State3",
                    "percent": 61.362500000000026,
                    "states": Object {},
                  },
                  "src_id": "6",
                },
                "phase": null,
                "phase_context": Object {},
                "request_type": "clone_to_service",
                "source_id": "6",
                "source_type": "VmOrTemplate",
                "state": "finished",
                "status": "Ok",
                "tenant_id": "1",
                "type": "ServiceTemplateTransformationPlanTask",
                "updated_on": "2018-01-19T21:44:27Z",
                "userid": "admin",
              },
              Object {
                "created_on": "2018-01-19T21:16:01Z",
                "description": "Provisioning [vmmigrate] for Service [vmmigrate]",
                "destination_id": null,
                "destination_type": null,
                "href": "http://localhost:3000/api/request_tasks/19",
                "id": "40",
                "message": "Service_Template_Provisioning completed",
                "miq_request_id": "14",
                "miq_request_task_id": "18",
                "options": Object {
                  "cart_state": "ordered",
                  "delivered_on": "2018-01-30T21:12:34.808Z",
                  "progress": Object {
                    "current_description": "Initiate Disks Sysprep",
                    "current_state": "/State5/State3",
                    "percent": 61.362500000000026,
                    "states": Object {},
                  },
                  "src_id": "6",
                },
                "phase": null,
                "phase_context": Object {},
                "request_type": "clone_to_service",
                "source_id": "6",
                "source_type": "VmOrTemplate",
                "state": "finished",
                "status": "Ok",
                "tenant_id": "1",
                "type": "ServiceTemplateTransformationPlanTask",
                "updated_on": "2018-01-19T21:44:27Z",
                "userid": "admin",
              },
              Object {
                "created_on": "2018-01-19T21:16:01Z",
                "description": "Provisioning [vmmigrate] for Service [vmmigrate]",
                "destination_id": null,
                "destination_type": null,
                "href": "http://localhost:3000/api/request_tasks/19",
                "id": "41",
                "message": "Service_Template_Provisioning completed",
                "miq_request_id": "14",
                "miq_request_task_id": "18",
                "options": Object {
                  "cart_state": "ordered",
                  "delivered_on": "2018-01-30T21:12:34.808Z",
                  "progress": Object {
                    "current_description": "Initiate Disks Sysprep",
                    "current_state": "/State5/State3",
                    "percent": 61.362500000000026,
                    "states": Object {},
                  },
                  "src_id": "6",
                },
                "phase": null,
                "phase_context": Object {},
                "request_type": "clone_to_service",
                "source_id": "6",
                "source_type": "VmOrTemplate",
                "state": "finished",
                "status": "Ok",
                "tenant_id": "1",
                "type": "ServiceTemplateTransformationPlanTask",
                "updated_on": "2018-01-19T21:44:27Z",
                "userid": "admin",
              },
              Object {
                "created_on": "2018-01-19T21:16:01Z",
                "description": "Provisioning [vmmigrate] for Service [vmmigrate]",
                "destination_id": null,
                "destination_type": null,
                "href": "http://localhost:3000/api/request_tasks/19",
                "id": "42",
                "message": "Service_Template_Provisioning failed",
                "miq_request_id": "14",
                "miq_request_task_id": "18",
                "options": Object {
                  "cart_state": "ordered",
                  "delivered_on": "2018-01-30T21:12:34.808Z",
                  "progress": Object {
                    "current_description": "Initiate Disks Sysprep",
                    "current_state": "/State5/State3",
                    "percent": 61.362500000000026,
                    "states": Object {},
                  },
                  "src_id": "6",
                },
                "phase": null,
                "phase_context": Object {},
                "request_type": "clone_to_service",
                "source_id": "6",
                "source_type": "VmOrTemplate",
                "state": "finished",
                "status": "Error",
                "tenant_id": "1",
                "type": "ServiceTemplateTransformationPlanTask",
                "updated_on": "2018-01-19T21:44:27Z",
                "userid": "admin",
              },
              Object {
                "created_on": "2018-01-19T21:16:01Z",
                "description": "Provisioning [vmmigrate] for Service [vmmigrate]",
                "destination_id": null,
                "destination_type": null,
                "href": "http://localhost:3000/api/request_tasks/19",
                "id": "43",
                "message": "Service_Template_Provisioning completed",
                "miq_request_id": "14",
                "miq_request_task_id": "18",
                "options": Object {
                  "cart_state": "ordered",
                  "delivered_on": "2018-01-30T21:12:34.808Z",
                  "progress": Object {
                    "current_description": "Initiate Disks Sysprep",
                    "current_state": "/State5/State3",
                    "percent": 61.362500000000026,
                    "states": Object {},
                  },
                  "src_id": "6",
                },
                "phase": null,
                "phase_context": Object {},
                "request_type": "clone_to_service",
                "source_id": "6",
                "source_type": "VmOrTemplate",
                "state": "finished",
                "status": "Ok",
                "tenant_id": "1",
                "type": "ServiceTemplateTransformationPlanTask",
                "updated_on": "2018-01-19T21:44:27Z",
                "userid": "admin",
              },
              Object {
                "created_on": "2018-01-19T21:16:01Z",
                "description": "Provisioning [vmmigrate] for Service [vmmigrate]",
                "destination_id": null,
                "destination_type": null,
                "href": "http://localhost:3000/api/request_tasks/19",
                "id": "44",
                "message": "Service_Template_Provisioning completed",
                "miq_request_id": "14",
                "miq_request_task_id": "18",
                "options": Object {
                  "cart_state": "ordered",
                  "delivered_on": "2018-01-30T21:12:34.808Z",
                  "progress": Object {
                    "current_description": "Initiate Disks Sysprep",
                    "current_state": "/State5/State3",
                    "percent": 61.362500000000026,
                    "states": Object {},
                  },
                  "src_id": "6",
                },
                "phase": null,
                "phase_context": Object {},
                "request_type": "clone_to_service",
                "source_id": "6",
                "source_type": "VmOrTemplate",
                "state": "finished",
                "status": "Ok",
                "tenant_id": "1",
                "type": "ServiceTemplateTransformationPlanTask",
                "updated_on": "2018-01-19T21:44:27Z",
                "userid": "admin",
              },
              Object {
                "created_on": "2018-01-19T21:16:01Z",
                "description": "Provisioning [vmmigrate] for Service [vmmigrate]",
                "destination_id": null,
                "destination_type": null,
                "href": "http://localhost:3000/api/request_tasks/19",
                "id": "45",
                "message": "Service_Template_Provisioning completed",
                "miq_request_id": "14",
                "miq_request_task_id": "18",
                "options": Object {
                  "cart_state": "ordered",
                  "delivered_on": "2018-01-30T21:12:34.808Z",
                  "progress": Object {
                    "current_description": "Initiate Disks Sysprep",
                    "current_state": "/State5/State3",
                    "percent": 61.362500000000026,
                    "states": Object {},
                  },
                  "src_id": "6",
                },
                "phase": null,
                "phase_context": Object {},
                "request_type": "clone_to_service",
                "source_id": "6",
                "source_type": "VmOrTemplate",
                "state": "finished",
                "status": "Ok",
                "tenant_id": "1",
                "type": "ServiceTemplateTransformationPlanTask",
                "updated_on": "2018-01-19T21:44:27Z",
                "userid": "admin",
              },
            ],
            "options": Object {
              "cart_state": "ordered",
              "delivered_on": "2018-01-19T21:16:00.967Z",
              "initiator": null,
              "requester_group": "EvmGroup-super_administrator",
              "src_id": "4",
              "user_message": "[EVM] Service [vmmigrate] Provisioned Successfully",
            },
            "state": "finished",
            "status": "Ok",
          }
        }
      />
      <MigrationCompletedRow
        key="46"
        migration={
          Object {
            "description": "My next provision plan",
            "href": "http://localhost:3000/api/service_requests/19",
            "id": "46",
            "miq_request_tasks": Array [
              Object {
                "created_on": "2018-01-19T21:16:01Z",
                "description": "Provisioning [vmmigrate] for Service [vmmigrate]",
                "destination_id": null,
                "destination_type": null,
                "href": "http://localhost:3000/api/request_tasks/19",
                "id": "46",
                "message": "Service_Template_Provisioning completed",
                "miq_request_id": "14",
                "miq_request_task_id": "18",
                "options": Object {
                  "cart_state": "ordered",
                  "delivered_on": "2018-01-30T21:12:34.808Z",
                  "progress": Object {
                    "current_description": "Initiate Disks Sysprep",
                    "current_state": "/State5/State3",
                    "percent": 61.362500000000026,
                    "states": Object {},
                  },
                  "src_id": "6",
                },
                "phase": null,
                "phase_context": Object {},
                "request_type": "clone_to_service",
                "source_id": "6",
                "source_type": "VmOrTemplate",
                "state": "finished",
                "status": "Ok",
                "tenant_id": "1",
                "type": "ServiceTemplateTransformationPlanTask",
                "updated_on": "2018-01-19T21:44:27Z",
                "userid": "admin",
              },
              Object {
                "created_on": "2018-01-19T21:16:01Z",
                "description": "Provisioning [vmmigrate] for Service [vmmigrate]",
                "destination_id": null,
                "destination_type": null,
                "href": "http://localhost:3000/api/request_tasks/19",
                "id": "47",
                "message": "Service_Template_Provisioning completed",
                "miq_request_id": "14",
                "miq_request_task_id": "18",
                "options": Object {
                  "cart_state": "ordered",
                  "delivered_on": "2018-01-30T21:12:34.808Z",
                  "progress": Object {
                    "current_description": "Initiate Disks Sysprep",
                    "current_state": "/State5/State3",
                    "percent": 61.362500000000026,
                    "states": Object {},
                  },
                  "src_id": "6",
                },
                "phase": null,
                "phase_context": Object {},
                "request_type": "clone_to_service",
                "source_id": "6",
                "source_type": "VmOrTemplate",
                "state": "finished",
                "status": "Ok",
                "tenant_id": "1",
                "type": "ServiceTemplateTransformationPlanTask",
                "updated_on": "2018-01-19T21:44:27Z",
                "userid": "admin",
              },
              Object {
                "created_on": "2018-01-19T21:16:01Z",
                "description": "Provisioning [vmmigrate] for Service [vmmigrate]",
                "destination_id": null,
                "destination_type": null,
                "href": "http://localhost:3000/api/request_tasks/19",
                "id": "48",
                "message": "Service_Template_Provisioning completed",
                "miq_request_id": "14",
                "miq_request_task_id": "18",
                "options": Object {
                  "cart_state": "ordered",
                  "delivered_on": "2018-01-30T21:12:34.808Z",
                  "progress": Object {
                    "current_description": "Initiate Disks Sysprep",
                    "current_state": "/State5/State3",
                    "percent": 61.362500000000026,
                    "states": Object {},
                  },
                  "src_id": "6",
                },
                "phase": null,
                "phase_context": Object {},
                "request_type": "clone_to_service",
                "source_id": "6",
                "source_type": "VmOrTemplate",
                "state": "finished",
                "status": "Ok",
                "tenant_id": "1",
                "type": "ServiceTemplateTransformationPlanTask",
                "updated_on": "2018-01-19T21:44:27Z",
                "userid": "admin",
              },
              Object {
                "created_on": "2018-01-19T21:16:01Z",
                "description": "Provisioning [vmmigrate] for Service [vmmigrate]",
                "destination_id": null,
                "destination_type": null,
                "href": "http://localhost:3000/api/request_tasks/19",
                "id": "49",
                "message": "Service_Template_Provisioning completed",
                "miq_request_id": "14",
                "miq_request_task_id": "18",
                "options": Object {
                  "cart_state": "ordered",
                  "delivered_on": "2018-01-30T21:12:34.808Z",
                  "progress": Object {
                    "current_description": "Initiate Disks Sysprep",
                    "current_state": "/State5/State3",
                    "percent": 61.362500000000026,
                    "states": Object {},
                  },
                  "src_id": "6",
                },
                "phase": null,
                "phase_context": Object {},
                "request_type": "clone_to_service",
                "source_id": "6",
                "source_type": "VmOrTemplate",
                "state": "finished",
                "status": "Ok",
                "tenant_id": "1",
                "type": "ServiceTemplateTransformationPlanTask",
                "updated_on": "2018-01-19T21:44:27Z",
                "userid": "admin",
              },
              Object {
                "created_on": "2018-01-19T21:16:01Z",
                "description": "Provisioning [vmmigrate] for Service [vmmigrate]",
                "destination_id": null,
                "destination_type": null,
                "href": "http://localhost:3000/api/request_tasks/19",
                "id": "50",
                "message": "Service_Template_Provisioning completed",
                "miq_request_id": "14",
                "miq_request_task_id": "18",
                "options": Object {
                  "cart_state": "ordered",
                  "delivered_on": "2018-01-30T21:12:34.808Z",
                  "progress": Object {
                    "current_description": "Initiate Disks Sysprep",
                    "current_state": "/State5/State3",
                    "percent": 61.362500000000026,
                    "states": Object {},
                  },
                  "src_id": "6",
                },
                "phase": null,
                "phase_context": Object {},
                "request_type": "clone_to_service",
                "source_id": "6",
                "source_type": "VmOrTemplate",
                "state": "finished",
                "status": "Ok",
                "tenant_id": "1",
                "type": "ServiceTemplateTransformationPlanTask",
                "updated_on": "2018-01-19T21:44:27Z",
                "userid": "admin",
              },
              Object {
                "created_on": "2018-01-19T21:16:01Z",
                "description": "Provisioning [vmmigrate] for Service [vmmigrate]",
                "destination_id": null,
                "destination_type": null,
                "href": "http://localhost:3000/api/request_tasks/19",
                "id": "51",
                "message": "Service_Template_Provisioning completed",
                "miq_request_id": "14",
                "miq_request_task_id": "18",
                "options": Object {
                  "cart_state": "ordered",
                  "delivered_on": "2018-01-30T21:12:34.808Z",
                  "progress": Object {
                    "current_description": "Initiate Disks Sysprep",
                    "current_state": "/State5/State3",
                    "percent": 61.362500000000026,
                    "states": Object {},
                  },
                  "src_id": "6",
                },
                "phase": null,
                "phase_context": Object {},
                "request_type": "clone_to_service",
                "source_id": "6",
                "source_type": "VmOrTemplate",
                "state": "finished",
                "status": "Ok",
                "tenant_id": "1",
                "type": "ServiceTemplateTransformationPlanTask",
                "updated_on": "2018-01-19T21:44:27Z",
                "userid": "admin",
              },
              Object {
                "created_on": "2018-01-19T21:16:01Z",
                "description": "Provisioning [vmmigrate] for Service [vmmigrate]",
                "destination_id": null,
                "destination_type": null,
                "href": "http://localhost:3000/api/request_tasks/19",
                "id": "52",
                "message": "Service_Template_Provisioning completed",
                "miq_request_id": "14",
                "miq_request_task_id": "18",
                "options": Object {
                  "cart_state": "ordered",
                  "delivered_on": "2018-01-30T21:12:34.808Z",
                  "progress": Object {
                    "current_description": "Initiate Disks Sysprep",
                    "current_state": "/State5/State3",
                    "percent": 61.362500000000026,
                    "states": Object {},
                  },
                  "src_id": "6",
                },
                "phase": null,
                "phase_context": Object {},
                "request_type": "clone_to_service",
                "source_id": "6",
                "source_type": "VmOrTemplate",
                "state": "finished",
                "status": "Ok",
                "tenant_id": "1",
                "type": "ServiceTemplateTransformationPlanTask",
                "updated_on": "2018-01-19T21:44:27Z",
                "userid": "admin",
              },
              Object {
                "created_on": "2018-01-19T21:16:01Z",
                "description": "Provisioning [vmmigrate] for Service [vmmigrate]",
                "destination_id": null,
                "destination_type": null,
                "href": "http://localhost:3000/api/request_tasks/19",
                "id": "53",
                "message": "Service_Template_Provisioning completed",
                "miq_request_id": "14",
                "miq_request_task_id": "18",
                "options": Object {
                  "cart_state": "ordered",
                  "delivered_on": "2018-01-30T21:12:34.808Z",
                  "progress": Object {
                    "current_description": "Initiate Disks Sysprep",
                    "current_state": "/State5/State3",
                    "percent": 61.362500000000026,
                    "states": Object {},
                  },
                  "src_id": "6",
                },
                "phase": null,
                "phase_context": Object {},
                "request_type": "clone_to_service",
                "source_id": "6",
                "source_type": "VmOrTemplate",
                "state": "finished",
                "status": "Ok",
                "tenant_id": "1",
                "type": "ServiceTemplateTransformationPlanTask",
                "updated_on": "2018-01-19T21:44:27Z",
                "userid": "admin",
              },
              Object {
                "created_on": "2018-01-19T21:16:01Z",
                "description": "Provisioning [vmmigrate] for Service [vmmigrate]",
                "destination_id": null,
                "destination_type": null,
                "href": "http://localhost:3000/api/request_tasks/19",
                "id": "54",
                "message": "Service_Template_Provisioning completed",
                "miq_request_id": "14",
                "miq_request_task_id": "18",
                "options": Object {
                  "cart_state": "ordered",
                  "delivered_on": "2018-01-30T21:12:34.808Z",
                  "progress": Object {
                    "current_description": "Initiate Disks Sysprep",
                    "current_state": "/State5/State3",
                    "percent": 61.362500000000026,
                    "states": Object {},
                  },
                  "src_id": "6",
                },
                "phase": null,
                "phase_context": Object {},
                "request_type": "clone_to_service",
                "source_id": "6",
                "source_type": "VmOrTemplate",
                "state": "finished",
                "status": "Ok",
                "tenant_id": "1",
                "type": "ServiceTemplateTransformationPlanTask",
                "updated_on": "2018-01-19T21:44:27Z",
                "userid": "admin",
              },
              Object {
                "created_on": "2018-01-19T21:16:01Z",
                "description": "Provisioning [vmmigrate] for Service [vmmigrate]",
                "destination_id": null,
                "destination_type": null,
                "href": "http://localhost:3000/api/request_tasks/19",
                "id": "55",
                "message": "Service_Template_Provisioning completed",
                "miq_request_id": "14",
                "miq_request_task_id": "18",
                "options": Object {
                  "cart_state": "ordered",
                  "delivered_on": "2018-01-30T21:12:34.808Z",
                  "progress": Object {
                    "current_description": "Initiate Disks Sysprep",
                    "current_state": "/State5/State3",
                    "percent": 61.362500000000026,
                    "states": Object {},
                  },
                  "src_id": "6",
                },
                "phase": null,
                "phase_context": Object {},
                "request_type": "clone_to_service",
                "source_id": "6",
                "source_type": "VmOrTemplate",
                "state": "finished",
                "status": "Ok",
                "tenant_id": "1",
                "type": "ServiceTemplateTransformationPlanTask",
                "updated_on": "2018-01-19T21:44:27Z",
                "userid": "admin",
              },
              Object {
                "created_on": "2018-01-19T21:16:01Z",
                "description": "Provisioning [vmmigrate] for Service [vmmigrate]",
                "destination_id": null,
                "destination_type": null,
                "href": "http://localhost:3000/api/request_tasks/19",
                "id": "56",
                "message": "Service_Template_Provisioning completed",
                "miq_request_id": "14",
                "miq_request_task_id": "18",
                "options": Object {
                  "cart_state": "ordered",
                  "delivered_on": "2018-01-30T21:12:34.808Z",
                  "progress": Object {
                    "current_description": "Initiate Disks Sysprep",
                    "current_state": "/State5/State3",
                    "percent": 61.362500000000026,
                    "states": Object {},
                  },
                  "src_id": "6",
                },
                "phase": null,
                "phase_context": Object {},
                "request_type": "clone_to_service",
                "source_id": "6",
                "source_type": "VmOrTemplate",
                "state": "finished",
                "status": "Ok",
                "tenant_id": "1",
                "type": "ServiceTemplateTransformationPlanTask",
                "updated_on": "2018-01-19T21:44:27Z",
                "userid": "admin",
              },
            ],
            "options": Object {
              "cart_state": "ordered",
              "delivered_on": "2018-01-19T21:16:00.967Z",
              "initiator": null,
              "requester_group": "EvmGroup-super_administrator",
              "src_id": "4",
              "user_message": "[EVM] Service [vmmigrate] Provisioned Successfully",
            },
            "state": "finished",
            "status": "Ok",
          }
        }
      />
      <MigrationCompletedRow
        key="21"
        migration={
          Object {
            "description": "Migrate some stuff. Fun stuff...",
            "href": "http://localhost:3000/api/service_requests/21",
            "id": "21",
            "miq_request_tasks": Array [
              Object {
                "created_on": "2018-01-19T21:16:01Z",
                "description": "Provisioning [vmmigrate] for Service [vmmigrate]",
                "destination_id": null,
                "destination_type": null,
                "href": "http://localhost:3000/api/request_tasks/19",
                "id": "57",
                "message": "Service_Template_Provisioning completed",
                "miq_request_id": "14",
                "miq_request_task_id": "18",
                "options": Object {
                  "cart_state": "ordered",
                  "delivered_on": "2018-01-30T21:12:34.808Z",
                  "progress": Object {
                    "current_description": "Initiate Disks Sysprep",
                    "current_state": "/State5/State3",
                    "percent": 61.362500000000026,
                    "states": Object {},
                  },
                  "src_id": "6",
                },
                "phase": null,
                "phase_context": Object {},
                "request_type": "clone_to_service",
                "source_id": "6",
                "source_type": "VmOrTemplate",
                "state": "finished",
                "status": "Ok",
                "tenant_id": "1",
                "type": "ServiceTemplateTransformationPlanTask",
                "updated_on": "2018-01-19T21:44:27Z",
                "userid": "admin",
              },
              Object {
                "created_on": "2018-01-19T21:16:01Z",
                "description": "Provisioning [vmmigrate] for Service [vmmigrate]",
                "destination_id": null,
                "destination_type": null,
                "href": "http://localhost:3000/api/request_tasks/19",
                "id": "58",
                "message": "Service_Template_Provisioning completed",
                "miq_request_id": "14",
                "miq_request_task_id": "18",
                "options": Object {
                  "cart_state": "ordered",
                  "delivered_on": "2018-01-30T21:12:34.808Z",
                  "progress": Object {
                    "current_description": "Initiate Disks Sysprep",
                    "current_state": "/State5/State3",
                    "percent": 61.362500000000026,
                    "states": Object {},
                  },
                  "src_id": "6",
                },
                "phase": null,
                "phase_context": Object {},
                "request_type": "clone_to_service",
                "source_id": "6",
                "source_type": "VmOrTemplate",
                "state": "finished",
                "status": "Ok",
                "tenant_id": "1",
                "type": "ServiceTemplateTransformationPlanTask",
                "updated_on": "2018-01-19T21:44:27Z",
                "userid": "admin",
              },
              Object {
                "created_on": "2018-01-19T21:16:01Z",
                "description": "Provisioning [vmmigrate] for Service [vmmigrate]",
                "destination_id": null,
                "destination_type": null,
                "href": "http://localhost:3000/api/request_tasks/19",
                "id": "59",
                "message": "Service_Template_Provisioning completed",
                "miq_request_id": "14",
                "miq_request_task_id": "18",
                "options": Object {
                  "cart_state": "ordered",
                  "delivered_on": "2018-01-30T21:12:34.808Z",
                  "progress": Object {
                    "current_description": "Initiate Disks Sysprep",
                    "current_state": "/State5/State3",
                    "percent": 61.362500000000026,
                    "states": Object {},
                  },
                  "src_id": "6",
                },
                "phase": null,
                "phase_context": Object {},
                "request_type": "clone_to_service",
                "source_id": "6",
                "source_type": "VmOrTemplate",
                "state": "finished",
                "status": "Ok",
                "tenant_id": "1",
                "type": "ServiceTemplateTransformationPlanTask",
                "updated_on": "2018-01-19T21:44:27Z",
                "userid": "admin",
              },
              Object {
                "created_on": "2018-01-19T21:16:01Z",
                "description": "Provisioning [vmmigrate] for Service [vmmigrate]",
                "destination_id": null,
                "destination_type": null,
                "href": "http://localhost:3000/api/request_tasks/19",
                "id": "60",
                "message": "Service_Template_Provisioning completed",
                "miq_request_id": "14",
                "miq_request_task_id": "18",
                "options": Object {
                  "cart_state": "ordered",
                  "delivered_on": "2018-01-30T21:12:34.808Z",
                  "progress": Object {
                    "current_description": "Initiate Disks Sysprep",
                    "current_state": "/State5/State3",
                    "percent": 61.362500000000026,
                    "states": Object {},
                  },
                  "src_id": "6",
                },
                "phase": null,
                "phase_context": Object {},
                "request_type": "clone_to_service",
                "source_id": "6",
                "source_type": "VmOrTemplate",
                "state": "finished",
                "status": "Ok",
                "tenant_id": "1",
                "type": "ServiceTemplateTransformationPlanTask",
                "updated_on": "2018-01-19T21:44:27Z",
                "userid": "admin",
              },
              Object {
                "created_on": "2018-01-19T21:16:01Z",
                "description": "Provisioning [vmmigrate] for Service [vmmigrate]",
                "destination_id": null,
                "destination_type": null,
                "href": "http://localhost:3000/api/request_tasks/19",
                "id": "61",
                "message": "Service_Template_Provisioning completed",
                "miq_request_id": "14",
                "miq_request_task_id": "18",
                "options": Object {
                  "cart_state": "ordered",
                  "delivered_on": "2018-01-30T21:12:34.808Z",
                  "progress": Object {
                    "current_description": "Initiate Disks Sysprep",
                    "current_state": "/State5/State3",
                    "percent": 61.362500000000026,
                    "states": Object {},
                  },
                  "src_id": "6",
                },
                "phase": null,
                "phase_context": Object {},
                "request_type": "clone_to_service",
                "source_id": "6",
                "source_type": "VmOrTemplate",
                "state": "finished",
                "status": "Ok",
                "tenant_id": "1",
                "type": "ServiceTemplateTransformationPlanTask",
                "updated_on": "2018-01-19T21:44:27Z",
                "userid": "admin",
              },
            ],
            "options": Object {
              "cart_state": "ordered",
              "delivered_on": "2018-01-19T21:16:00.967Z",
              "initiator": null,
              "requester_group": "EvmGroup-super_administrator",
              "src_id": "4",
              "user_message": "[EVM] Service [vmmigrate] Provisioned Successfully",
            },
            "state": "finished",
            "status": "Ok",
          }
        }
      />
      <MigrationCompletedRow
        key="15"
        migration={
          Object {
            "description": "Migration Plan Number 2",
            "href": "http://localhost:3000/api/service_requests/22",
            "id": "15",
            "miq_request_tasks": Array [
              Object {
                "created_on": "2018-01-19T21:16:01Z",
                "description": "Provisioning [vmmigrate] for Service [vmmigrate]",
                "destination_id": null,
                "destination_type": null,
                "href": "http://localhost:3000/api/request_tasks/19",
                "id": "62",
                "message": "Service_Template_Provisioning completed",
                "miq_request_id": "14",
                "miq_request_task_id": "18",
                "options": Object {
                  "cart_state": "ordered",
                  "delivered_on": "2018-01-30T21:12:34.808Z",
                  "progress": Object {
                    "current_description": "Initiate Disks Sysprep",
                    "current_state": "/State5/State3",
                    "percent": 61.362500000000026,
                    "states": Object {},
                  },
                  "src_id": "6",
                },
                "phase": null,
                "phase_context": Object {},
                "request_type": "clone_to_service",
                "source_id": "6",
                "source_type": "VmOrTemplate",
                "state": "finished",
                "status": "Ok",
                "tenant_id": "1",
                "type": "ServiceTemplateTransformationPlanTask",
                "updated_on": "2018-01-19T21:44:27Z",
                "userid": "admin",
              },
              Object {
                "created_on": "2018-01-19T21:16:01Z",
                "description": "Provisioning [vmmigrate] for Service [vmmigrate]",
                "destination_id": null,
                "destination_type": null,
                "href": "http://localhost:3000/api/request_tasks/19",
                "id": "63",
                "message": "Service_Template_Provisioning completed",
                "miq_request_id": "14",
                "miq_request_task_id": "18",
                "options": Object {
                  "cart_state": "ordered",
                  "delivered_on": "2018-01-30T21:12:34.808Z",
                  "progress": Object {
                    "current_description": "Initiate Disks Sysprep",
                    "current_state": "/State5/State3",
                    "percent": 61.362500000000026,
                    "states": Object {},
                  },
                  "src_id": "6",
                },
                "phase": null,
                "phase_context": Object {},
                "request_type": "clone_to_service",
                "source_id": "6",
                "source_type": "VmOrTemplate",
                "state": "finished",
                "status": "Ok",
                "tenant_id": "1",
                "type": "ServiceTemplateTransformationPlanTask",
                "updated_on": "2018-01-19T24:14:27Z",
                "userid": "admin",
              },
              Object {
                "created_on": "2018-01-19T21:16:01Z",
                "description": "Provisioning [vmmigrate] for Service [vmmigrate]",
                "destination_id": null,
                "destination_type": null,
                "href": "http://localhost:3000/api/request_tasks/19",
                "id": "64",
                "message": "Service_Template_Provisioning completed",
                "miq_request_id": "14",
                "miq_request_task_id": "18",
                "options": Object {
                  "cart_state": "ordered",
                  "delivered_on": "2018-01-30T21:12:34.808Z",
                  "progress": Object {
                    "current_description": "Initiate Disks Sysprep",
                    "current_state": "/State5/State3",
                    "percent": 61.362500000000026,
                    "states": Object {},
                  },
                  "src_id": "6",
                },
                "phase": null,
                "phase_context": Object {},
                "request_type": "clone_to_service",
                "source_id": "6",
                "source_type": "VmOrTemplate",
                "state": "finished",
                "status": "Ok",
                "tenant_id": "1",
                "type": "ServiceTemplateTransformationPlanTask",
                "updated_on": "2018-01-19T21:44:27Z",
                "userid": "admin",
              },
              Object {
                "created_on": "2018-01-19T21:16:01Z",
                "description": "Provisioning [vmmigrate] for Service [vmmigrate]",
                "destination_id": null,
                "destination_type": null,
                "href": "http://localhost:3000/api/request_tasks/19",
                "id": "65",
                "message": "Service_Template_Provisioning completed",
                "miq_request_id": "14",
                "miq_request_task_id": "18",
                "options": Object {
                  "cart_state": "ordered",
                  "delivered_on": "2018-01-30T21:12:34.808Z",
                  "progress": Object {
                    "current_description": "Initiate Disks Sysprep",
                    "current_state": "/State5/State3",
                    "percent": 61.362500000000026,
                    "states": Object {},
                  },
                  "src_id": "6",
                },
                "phase": null,
                "phase_context": Object {},
                "request_type": "clone_to_service",
                "source_id": "6",
                "source_type": "VmOrTemplate",
                "state": "finished",
                "status": "Ok",
                "tenant_id": "1",
                "type": "ServiceTemplateTransformationPlanTask",
                "updated_on": "2018-01-19T21:44:27Z",
                "userid": "admin",
              },
              Object {
                "created_on": "2018-01-19T21:16:01Z",
                "description": "Provisioning [vmmigrate] for Service [vmmigrate]",
                "destination_id": null,
                "destination_type": null,
                "href": "http://localhost:3000/api/request_tasks/19",
                "id": "66",
                "message": "Service_Template_Provisioning completed",
                "miq_request_id": "14",
                "miq_request_task_id": "18",
                "options": Object {
                  "cart_state": "ordered",
                  "delivered_on": "2018-01-30T21:12:34.808Z",
                  "progress": Object {
                    "current_description": "Initiate Disks Sysprep",
                    "current_state": "/State5/State3",
                    "percent": 61.362500000000026,
                    "states": Object {},
                  },
                  "src_id": "6",
                },
                "phase": null,
                "phase_context": Object {},
                "request_type": "clone_to_service",
                "source_id": "6",
                "source_type": "VmOrTemplate",
                "state": "finished",
                "status": "Ok",
                "tenant_id": "1",
                "type": "ServiceTemplateTransformationPlanTask",
                "updated_on": "2018-01-19T21:44:27Z",
                "userid": "admin",
              },
              Object {
                "created_on": "2018-01-19T21:16:01Z",
                "description": "Provisioning [vmmigrate] for Service [vmmigrate]",
                "destination_id": null,
                "destination_type": null,
                "href": "http://localhost:3000/api/request_tasks/19",
                "id": "67",
                "message": "Service_Template_Provisioning completed",
                "miq_request_id": "14",
                "miq_request_task_id": "18",
                "options": Object {
                  "cart_state": "ordered",
                  "delivered_on": "2018-01-30T21:12:34.808Z",
                  "progress": Object {
                    "current_description": "Initiate Disks Sysprep",
                    "current_state": "/State5/State3",
                    "percent": 61.362500000000026,
                    "states": Object {},
                  },
                  "src_id": "6",
                },
                "phase": null,
                "phase_context": Object {},
                "request_type": "clone_to_service",
                "source_id": "6",
                "source_type": "VmOrTemplate",
                "state": "finished",
                "status": "Ok",
                "tenant_id": "1",
                "type": "ServiceTemplateTransformationPlanTask",
                "updated_on": "2018-01-19T21:44:27Z",
                "userid": "admin",
              },
              Object {
                "created_on": "2018-01-19T21:16:01Z",
                "description": "Provisioning [vmmigrate] for Service [vmmigrate]",
                "destination_id": null,
                "destination_type": null,
                "href": "http://localhost:3000/api/request_tasks/19",
                "id": "68",
                "message": "Service_Template_Provisioning completed",
                "miq_request_id": "14",
                "miq_request_task_id": "18",
                "options": Object {
                  "cart_state": "ordered",
                  "delivered_on": "2018-01-30T21:12:34.808Z",
                  "progress": Object {
                    "current_description": "Initiate Disks Sysprep",
                    "current_state": "/State5/State3",
                    "percent": 61.362500000000026,
                    "states": Object {},
                  },
                  "src_id": "6",
                },
                "phase": null,
                "phase_context": Object {},
                "request_type": "clone_to_service",
                "source_id": "6",
                "source_type": "VmOrTemplate",
                "state": "finished",
                "status": "Ok",
                "tenant_id": "1",
                "type": "ServiceTemplateTransformationPlanTask",
                "updated_on": "2018-01-19T21:44:27Z",
                "userid": "admin",
              },
              Object {
                "created_on": "2018-01-19T21:16:01Z",
                "description": "Provisioning [vmmigrate] for Service [vmmigrate]",
                "destination_id": null,
                "destination_type": null,
                "href": "http://localhost:3000/api/request_tasks/19",
                "id": "69",
                "message": "Service_Template_Provisioning completed",
                "miq_request_id": "14",
                "miq_request_task_id": "18",
                "options": Object {
                  "cart_state": "ordered",
                  "delivered_on": "2018-01-30T21:12:34.808Z",
                  "progress": Object {
                    "current_description": "Initiate Disks Sysprep",
                    "current_state": "/State5/State3",
                    "percent": 61.362500000000026,
                    "states": Object {},
                  },
                  "src_id": "6",
                },
                "phase": null,
                "phase_context": Object {},
                "request_type": "clone_to_service",
                "source_id": "6",
                "source_type": "VmOrTemplate",
                "state": "finished",
                "status": "Ok",
                "tenant_id": "1",
                "type": "ServiceTemplateTransformationPlanTask",
                "updated_on": "2018-01-19T21:44:27Z",
                "userid": "admin",
              },
              Object {
                "created_on": "2018-01-19T21:16:01Z",
                "description": "Provisioning [vmmigrate] for Service [vmmigrate]",
                "destination_id": null,
                "destination_type": null,
                "href": "http://localhost:3000/api/request_tasks/19",
                "id": "70",
                "message": "Service_Template_Provisioning completed",
                "miq_request_id": "14",
                "miq_request_task_id": "18",
                "options": Object {
                  "cart_state": "ordered",
                  "delivered_on": "2018-01-30T21:12:34.808Z",
                  "progress": Object {
                    "current_description": "Initiate Disks Sysprep",
                    "current_state": "/State5/State3",
                    "percent": 61.362500000000026,
                    "states": Object {},
                  },
                  "src_id": "6",
                },
                "phase": null,
                "phase_context": Object {},
                "request_type": "clone_to_service",
                "source_id": "6",
                "source_type": "VmOrTemplate",
                "state": "finished",
                "status": "Ok",
                "tenant_id": "1",
                "type": "ServiceTemplateTransformationPlanTask",
                "updated_on": "2018-01-19T21:44:27Z",
                "userid": "admin",
              },
              Object {
                "created_on": "2018-01-19T21:16:01Z",
                "description": "Provisioning [vmmigrate] for Service [vmmigrate]",
                "destination_id": null,
                "destination_type": null,
                "href": "http://localhost:3000/api/request_tasks/19",
                "id": "71",
                "message": "Service_Template_Provisioning completed",
                "miq_request_id": "14",
                "miq_request_task_id": "18",
                "options": Object {
                  "cart_state": "ordered",
                  "delivered_on": "2018-01-30T21:12:34.808Z",
                  "progress": Object {
                    "current_description": "Initiate Disks Sysprep",
                    "current_state": "/State5/State3",
                    "percent": 61.362500000000026,
                    "states": Object {},
                  },
                  "src_id": "6",
                },
                "phase": null,
                "phase_context": Object {},
                "request_type": "clone_to_service",
                "source_id": "6",
                "source_type": "VmOrTemplate",
                "state": "finished",
                "status": "Ok",
                "tenant_id": "1",
                "type": "ServiceTemplateTransformationPlanTask",
                "updated_on": "2018-01-19T21:44:27Z",
                "userid": "admin",
              },
              Object {
                "created_on": "2018-01-19T21:16:01Z",
                "description": "Provisioning [vmmigrate] for Service [vmmigrate]",
                "destination_id": null,
                "destination_type": null,
                "href": "http://localhost:3000/api/request_tasks/19",
                "id": "72",
                "message": "Service_Template_Provisioning completed",
                "miq_request_id": "14",
                "miq_request_task_id": "18",
                "options": Object {
                  "cart_state": "ordered",
                  "delivered_on": "2018-01-30T21:12:34.808Z",
                  "progress": Object {
                    "current_description": "Initiate Disks Sysprep",
                    "current_state": "/State5/State3",
                    "percent": 61.362500000000026,
                    "states": Object {},
                  },
                  "src_id": "6",
                },
                "phase": null,
                "phase_context": Object {},
                "request_type": "clone_to_service",
                "source_id": "6",
                "source_type": "VmOrTemplate",
                "state": "finished",
                "status": "Ok",
                "tenant_id": "1",
                "type": "ServiceTemplateTransformationPlanTask",
                "updated_on": "2018-01-19T21:44:27Z",
                "userid": "admin",
              },
              Object {
                "created_on": "2018-01-19T21:16:01Z",
                "description": "Provisioning [vmmigrate] for Service [vmmigrate]",
                "destination_id": null,
                "destination_type": null,
                "href": "http://localhost:3000/api/request_tasks/19",
                "id": "73",
                "message": "Service_Template_Provisioning completed",
                "miq_request_id": "14",
                "miq_request_task_id": "18",
                "options": Object {
                  "cart_state": "ordered",
                  "delivered_on": "2018-01-30T21:12:34.808Z",
                  "progress": Object {
                    "current_description": "Initiate Disks Sysprep",
                    "current_state": "/State5/State3",
                    "percent": 61.362500000000026,
                    "states": Object {},
                  },
                  "src_id": "6",
                },
                "phase": null,
                "phase_context": Object {},
                "request_type": "clone_to_service",
                "source_id": "6",
                "source_type": "VmOrTemplate",
                "state": "finished",
                "status": "Ok",
                "tenant_id": "1",
                "type": "ServiceTemplateTransformationPlanTask",
                "updated_on": "2018-01-19T21:44:27Z",
                "userid": "admin",
              },
              Object {
                "created_on": "2018-01-19T21:16:01Z",
                "description": "Provisioning [vmmigrate] for Service [vmmigrate]",
                "destination_id": null,
                "destination_type": null,
                "href": "http://localhost:3000/api/request_tasks/19",
                "id": "74",
                "message": "Service_Template_Provisioning completed",
                "miq_request_id": "14",
                "miq_request_task_id": "18",
                "options": Object {
                  "cart_state": "ordered",
                  "delivered_on": "2018-01-30T21:12:34.808Z",
                  "progress": Object {
                    "current_description": "Initiate Disks Sysprep",
                    "current_state": "/State5/State3",
                    "percent": 61.362500000000026,
                    "states": Object {},
                  },
                  "src_id": "6",
                },
                "phase": null,
                "phase_context": Object {},
                "request_type": "clone_to_service",
                "source_id": "6",
                "source_type": "VmOrTemplate",
                "state": "finished",
                "status": "Ok",
                "tenant_id": "1",
                "type": "ServiceTemplateTransformationPlanTask",
                "updated_on": "2018-01-19T21:44:27Z",
                "userid": "admin",
              },
              Object {
                "created_on": "2018-01-19T21:16:01Z",
                "description": "Provisioning [vmmigrate] for Service [vmmigrate]",
                "destination_id": null,
                "destination_type": null,
                "href": "http://localhost:3000/api/request_tasks/19",
                "id": "75",
                "message": "Service_Template_Provisioning completed",
                "miq_request_id": "14",
                "miq_request_task_id": "18",
                "options": Object {
                  "cart_state": "ordered",
                  "delivered_on": "2018-01-30T21:12:34.808Z",
                  "progress": Object {
                    "current_description": "Initiate Disks Sysprep",
                    "current_state": "/State5/State3",
                    "percent": 61.362500000000026,
                    "states": Object {},
                  },
                  "src_id": "6",
                },
                "phase": null,
                "phase_context": Object {},
                "request_type": "clone_to_service",
                "source_id": "6",
                "source_type": "VmOrTemplate",
                "state": "finished",
                "status": "Ok",
                "tenant_id": "1",
                "type": "ServiceTemplateTransformationPlanTask",
                "updated_on": "2018-01-19T21:44:27Z",
                "userid": "admin",
              },
              Object {
                "created_on": "2018-01-19T21:16:01Z",
                "description": "Provisioning [vmmigrate] for Service [vmmigrate]",
                "destination_id": null,
                "destination_type": null,
                "href": "http://localhost:3000/api/request_tasks/19",
                "id": "76",
                "message": "Service_Template_Provisioning completed",
                "miq_request_id": "14",
                "miq_request_task_id": "18",
                "options": Object {
                  "cart_state": "ordered",
                  "delivered_on": "2018-01-30T21:12:34.808Z",
                  "progress": Object {
                    "current_description": "Initiate Disks Sysprep",
                    "current_state": "/State5/State3",
                    "percent": 61.362500000000026,
                    "states": Object {},
                  },
                  "src_id": "6",
                },
                "phase": null,
                "phase_context": Object {},
                "request_type": "clone_to_service",
                "source_id": "6",
                "source_type": "VmOrTemplate",
                "state": "finished",
                "status": "Ok",
                "tenant_id": "1",
                "type": "ServiceTemplateTransformationPlanTask",
                "updated_on": "2018-01-19T21:44:27Z",
                "userid": "admin",
              },
              Object {
                "created_on": "2018-01-19T21:16:01Z",
                "description": "Provisioning [vmmigrate] for Service [vmmigrate]",
                "destination_id": null,
                "destination_type": null,
                "href": "http://localhost:3000/api/request_tasks/19",
                "id": "77",
                "message": "Service_Template_Provisioning completed",
                "miq_request_id": "14",
                "miq_request_task_id": "18",
                "options": Object {
                  "cart_state": "ordered",
                  "delivered_on": "2018-01-30T21:12:34.808Z",
                  "progress": Object {
                    "current_description": "Initiate Disks Sysprep",
                    "current_state": "/State5/State3",
                    "percent": 61.362500000000026,
                    "states": Object {},
                  },
                  "src_id": "6",
                },
                "phase": null,
                "phase_context": Object {},
                "request_type": "clone_to_service",
                "source_id": "6",
                "source_type": "VmOrTemplate",
                "state": "finished",
                "status": "Ok",
                "tenant_id": "1",
                "type": "ServiceTemplateTransformationPlanTask",
                "updated_on": "2018-01-19T21:44:27Z",
                "userid": "admin",
              },
              Object {
                "created_on": "2018-01-19T21:16:01Z",
                "description": "Provisioning [vmmigrate] for Service [vmmigrate]",
                "destination_id": null,
                "destination_type": null,
                "href": "http://localhost:3000/api/request_tasks/19",
                "id": "78",
                "message": "Service_Template_Provisioning failed",
                "miq_request_id": "14",
                "miq_request_task_id": "18",
                "options": Object {
                  "cart_state": "ordered",
                  "delivered_on": "2018-01-30T21:12:34.808Z",
                  "progress": Object {
                    "current_description": "Initiate Disks Sysprep",
                    "current_state": "/State5/State3",
                    "percent": 61.362500000000026,
                    "states": Object {},
                  },
                  "src_id": "6",
                },
                "phase": null,
                "phase_context": Object {},
                "request_type": "clone_to_service",
                "source_id": "6",
                "source_type": "VmOrTemplate",
                "state": "finished",
                "status": "Error",
                "tenant_id": "1",
                "type": "ServiceTemplateTransformationPlanTask",
                "updated_on": "2018-01-19T21:44:27Z",
                "userid": "admin",
              },
              Object {
                "created_on": "2018-01-19T21:16:01Z",
                "description": "Provisioning [vmmigrate] for Service [vmmigrate]",
                "destination_id": null,
                "destination_type": null,
                "href": "http://localhost:3000/api/request_tasks/19",
                "id": "79",
                "message": "Service_Template_Provisioning failed",
                "miq_request_id": "14",
                "miq_request_task_id": "18",
                "options": Object {
                  "cart_state": "ordered",
                  "delivered_on": "2018-01-30T21:12:34.808Z",
                  "progress": Object {
                    "current_description": "Initiate Disks Sysprep",
                    "current_state": "/State5/State3",
                    "percent": 61.362500000000026,
                    "states": Object {},
                  },
                  "src_id": "6",
                },
                "phase": null,
                "phase_context": Object {},
                "request_type": "clone_to_service",
                "source_id": "6",
                "source_type": "VmOrTemplate",
                "state": "finished",
                "status": "Error",
                "tenant_id": "1",
                "type": "ServiceTemplateTransformationPlanTask",
                "updated_on": "2018-01-19T21:44:27Z",
                "userid": "admin",
              },
              Object {
                "created_on": "2018-01-19T21:16:01Z",
                "description": "Provisioning [vmmigrate] for Service [vmmigrate]",
                "destination_id": null,
                "destination_type": null,
                "href": "http://localhost:3000/api/request_tasks/19",
                "id": "80",
                "message": "Service_Template_Provisioning completed",
                "miq_request_id": "14",
                "miq_request_task_id": "18",
                "options": Object {
                  "cart_state": "ordered",
                  "delivered_on": "2018-01-30T21:12:34.808Z",
                  "progress": Object {
                    "current_description": "Initiate Disks Sysprep",
                    "current_state": "/State5/State3",
                    "percent": 61.362500000000026,
                    "states": Object {},
                  },
                  "src_id": "6",
                },
                "phase": null,
                "phase_context": Object {},
                "request_type": "clone_to_service",
                "source_id": "6",
                "source_type": "VmOrTemplate",
                "state": "finished",
                "status": "Ok",
                "tenant_id": "1",
                "type": "ServiceTemplateTransformationPlanTask",
                "updated_on": "2018-01-19T21:44:27Z",
                "userid": "admin",
              },
              Object {
                "created_on": "2018-01-19T21:16:01Z",
                "description": "Provisioning [vmmigrate] for Service [vmmigrate]",
                "destination_id": null,
                "destination_type": null,
                "href": "http://localhost:3000/api/request_tasks/19",
                "id": "81",
                "message": "Service_Template_Provisioning completed",
                "miq_request_id": "14",
                "miq_request_task_id": "18",
                "options": Object {
                  "cart_state": "ordered",
                  "delivered_on": "2018-01-30T21:12:34.808Z",
                  "progress": Object {
                    "current_description": "Initiate Disks Sysprep",
                    "current_state": "/State5/State3",
                    "percent": 61.362500000000026,
                    "states": Object {},
                  },
                  "src_id": "6",
                },
                "phase": null,
                "phase_context": Object {},
                "request_type": "clone_to_service",
                "source_id": "6",
                "source_type": "VmOrTemplate",
                "state": "finished",
                "status": "Ok",
                "tenant_id": "1",
                "type": "ServiceTemplateTransformationPlanTask",
                "updated_on": "2018-01-19T21:44:27Z",
                "userid": "admin",
              },
            ],
            "options": Object {
              "cart_state": "ordered",
              "delivered_on": "2018-01-19T21:16:00.967Z",
              "initiator": null,
              "requester_group": "EvmGroup-super_administrator",
              "src_id": "4",
              "user_message": "[EVM] Service [vmmigrate] Provisioned Successfully",
            },
            "state": "finished",
            "status": "Ok",
          }
        }
      />
    </div>
  </div>
</div>
`;
