// Jest Snapshot v1, https://goo.gl/fbAQLP

exports[`Overview component renders the overview 1`] = `
<React.Fragment>
  <div
    className="row cards-pf"
    style={
      Object {
        "height": "100%",
        "overflow": "auto",
        "paddingBottom": 100,
      }
    }
  >
    <Col
      bsClass="col"
      componentClass="div"
      md={12}
    >
      <Row
        bsClass="row"
        componentClass="div"
      >
        <Col
          bsClass="col"
          componentClass="div"
          xs={12}
        >
          <CardGrid
            className=""
            matchHeight={true}
          >
            <Row
              bsClass="row"
              componentClass="div"
            >
              <Col
                bsClass="col"
                componentClass="div"
                sm={3}
                xs={6}
              >
                <MigrationsNotStarted />
              </Col>
              <Col
                bsClass="col"
                componentClass="div"
                sm={3}
                xs={6}
              >
                <MigrationsInProgress />
              </Col>
              <Col
                bsClass="col"
                componentClass="div"
                sm={3}
                xs={6}
              >
                <MigrationsComplete />
              </Col>
              <Col
                bsClass="col"
                componentClass="div"
                sm={3}
                xs={6}
              >
                <InfrastructureMappings />
              </Col>
            </Row>
          </CardGrid>
        </Col>
      </Row>
      <Row
        bsClass="row"
        componentClass="div"
      >
        <div
          className="spacer"
        />
        <Col
          bsClass="col"
          componentClass="div"
          xs={12}
        >
          <InfrastructureMappingCard
            cardRef={[Function]}
            showMappingWizardAction={[MockFunction]}
          />
        </Col>
      </Row>
    </Col>
  </div>
</React.Fragment>
`;
