// Jest Snapshot v1, https://goo.gl/fbAQLP

exports[`sets default state 1`] = `
Object {
  "allArchivedPlanRequestsWithTasks": Array [],
  "allRequestsWithTasks": Array [],
  "archivedTransformationPlans": Array [],
  "cloudTenants": Array [],
  "confirmModalOptions": Object {},
  "confirmModalVisible": false,
  "createTransformationPlanRequestResponse": Object {},
  "editPlanNameModalVisible": false,
  "editingPlanId": null,
  "errorAllArchivedPlanRequestsWithTasks": null,
  "errorAllRequestsWithTasks": null,
  "errorArchivedTransformationPlans": null,
  "errorArchivingTransformationPlan": null,
  "errorCancelPlanRequest": null,
  "errorCloudTenants": null,
  "errorCreateTransformationPlanRequest": null,
  "errorEditingPlanRequest": null,
  "errorProviders": null,
  "errorSchedulingMigration": false,
  "errorServiceTemplatePlaybooks": null,
  "errorTransformationPlans": null,
  "hasSufficientProviders": false,
  "hidePlanWizard": true,
  "initialMigrationsFilterSet": false,
  "isArchivingTransformationPlan": false,
  "isCancellingPlanRequest": false,
  "isContinuingToPlan": false,
  "isCreatingTransformationPlanRequest": null,
  "isEditingPlanRequest": false,
  "isFetchingAllArchivedPlanRequestsWithTasks": false,
  "isFetchingAllRequestsWithTasks": false,
  "isFetchingArchivedTransformationPlans": false,
  "isFetchingCloudTenants": false,
  "isFetchingProviders": false,
  "isFetchingServiceTemplatePlaybooks": false,
  "isFetchingTransformationMappings": false,
  "isFetchingTransformationPlans": false,
  "isRejectedAllArchivedPlanRequestsWithTasks": false,
  "isRejectedAllRequestsWithTasks": false,
  "isRejectedArchivedTransformationPlans": false,
  "isRejectedArchivingTransformationPlan": false,
  "isRejectedCancelPlanRequest": false,
  "isRejectedCloudTenants": false,
  "isRejectedCreateTranformationPlanRequest": false,
  "isRejectedEditingPlanRequest": false,
  "isRejectedProviders": false,
  "isRejectedSchedulingMigration": false,
  "isRejectedServiceTemplatePlaybooks": false,
  "isRejectedTransformationMappings": false,
  "isRejectedTransformationPlans": false,
  "isSchedulingMigration": false,
  "migrationsFilter": "Not Started Plans",
  "planWizardId": null,
  "planWizardVisible": false,
  "providers": Array [],
  "requestsProcessingCancellation": Array [],
  "requestsWithTasksPreviouslyFetched": false,
  "scheduleMigrationModal": false,
  "scheduleMigrationPlan": Object {},
  "serviceTemplatePlaybooks": Array [],
  "showDeleteConfirmationModal": false,
  "transformationMappings": Array [],
  "transformationPlans": Array [],
}
`;
